........................................................................ [  4%]
........................................................................ [  8%]
........................................................................ [ 13%]
........................................................................ [ 17%]
........................................................................ [ 21%]
........................................................................ [ 26%]
....................................................................sss. [ 30%]
........................................................................ [ 34%]
........................................................................ [ 39%]
........................................................................ [ 43%]
........................................................................ [ 47%]
........................................................................ [ 52%]
........................................................................ [ 56%]
........................................................................ [ 60%]
........................................................................ [ 65%]
........................................................................ [ 69%]
.................................................E
=================================== ERRORS ====================================
_____ ERROR at setup of TestEntityExtractor.test_gather_chunks_materials ______
E   RuntimeError: chromadb is not installed. Install with: pip install 'plancheck[query]'
============================== warnings summary ===============================
tests/corrections/test_ml_feedback.py::TestApplyMlFeedback::test_prior_relabel_updates_detection
tests/corrections/test_ml_feedback.py::TestApplyMlFeedback::test_prior_delete_sets_low_confidence
tests/corrections/test_ml_feedback.py::TestApplyMlFeedback::test_no_corrections_no_error
  C:\Users\jake\AppData\Roaming\Python\Python314\site-packages\sklearn\base.py:442: InconsistentVersionWarning: Trying to unpickle estimator DummyClassifier from version 1.8.0 when using version 1.7.2. This might lead to breaking code or invalid results. Use at your own risk. For more info please refer to:
  https://scikit-learn.org/stable/model_persistence.html#security-maintainability-limitations
    warnings.warn(

tests/corrections/test_ml_feedback.py::TestApplyMlFeedback::test_prior_relabel_updates_detection
tests/corrections/test_ml_feedback.py::TestApplyMlFeedback::test_prior_delete_sets_low_confidence
tests/corrections/test_ml_feedback.py::TestApplyMlFeedback::test_no_corrections_no_error
  C:\Users\jake\AppData\Roaming\Python\Python314\site-packages\sklearn\base.py:442: InconsistentVersionWarning: Trying to unpickle estimator DecisionTreeRegressor from version 1.8.0 when using version 1.7.2. This might lead to breaking code or invalid results. Use at your own risk. For more info please refer to:
  https://scikit-learn.org/stable/model_persistence.html#security-maintainability-limitations
    warnings.warn(

tests/corrections/test_ml_feedback.py::TestApplyMlFeedback::test_prior_relabel_updates_detection
tests/corrections/test_ml_feedback.py::TestApplyMlFeedback::test_prior_delete_sets_low_confidence
tests/corrections/test_ml_feedback.py::TestApplyMlFeedback::test_no_corrections_no_error
  C:\Users\jake\AppData\Roaming\Python\Python314\site-packages\sklearn\base.py:442: InconsistentVersionWarning: Trying to unpickle estimator GradientBoostingClassifier from version 1.8.0 when using version 1.7.2. This might lead to breaking code or invalid results. Use at your own risk. For more info please refer to:
  https://scikit-learn.org/stable/model_persistence.html#security-maintainability-limitations
    warnings.warn(

-- Docs: https://docs.pytest.org/en/stable/how-to/capture-warnings.html
=========================== short test summary info ===========================
ERROR tests/llm/test_entity_extraction.py::TestEntityExtractor::test_gather_chunks_materials
!!!!!!!!!!!!!!!!!!!!!!!!!! stopping after 1 failures !!!!!!!!!!!!!!!!!!!!!!!!!!
1198 passed, 3 skipped, 9 warnings, 1 error in 179.66s (0:02:59)
